
# 32-bit Boot-Up Success
#
BIST pass=0x1FFF time=59ms
# CV2FS A1 chip
# [R52] Active User PTB 0
# Load A53 BLD
# Load R52 Kernel
# Enter R52 RTOS
#

# 64-bit Boot-Up Success Cortex-A
#
# Active User PTB 0
# Load ATF
# Load XTB 
# Load Kernel
# Enter ATF
#
[4l
NOTICE:  BL31: v2.3():cca09074
NOTICE:  BL31: Built : 15:04:55, Nov 28 2023
[    0.000000] Booting Linux on physical CPU 0x0000000100 [0x410fd034]
[    0.000000] Linux version 5.15.93-yocto-standard (oe-user@oe-host) (aarch64-wrs-linux-gcc (GCC) 11.3.0, GNU ld (GNU Binutils) 2.38.20220708) #1 SMP PREEMPT Fri Feb 17 21:03:19 UTC 2023
[    0.000000] Machine model: Ambarella CV2FS Aptiv B Board
[    0.000000] Reserved memory: created CMA memory pool at 0x0000000090400000, size 200 MiB
[    0.000000] OF: reserved mem: initialized node flexidag_sys, compatible id shared-dma-pool
[    0.000000] Reserved memory: created DMA memory pool at 0x000000009cc00000, size 8 MiB
[    0.000000] OF: reserved mem: initialized node dsp_prot_buf, compatible id shared-dma-pool
[    0.000000] Reserved memory: created DMA memory pool at 0x000000009d400000, size 4 MiB
[    0.000000] OF: reserved mem: initialized node dsp_prot_cache_buf, compatible id shared-dma-pool
[    0.000000] Reserved memory: created DMA memory pool at 0x000000009d800000, size 12 MiB
[    0.000000] OF: reserved mem: initialized node dsp_bin_buf, compatible id shared-dma-pool
[    0.000000] Reserved memory: created DMA memory pool at 0x000000009e400000, size 864 MiB
[    0.000000] OF: reserved mem: initialized node dsp_data_buf, compatible id shared-dma-pool
[    0.000000] Reserved memory: created DMA memory pool at 0x00000000d4400000, size 124 MiB
[    0.000000] OF: reserved mem: initialized node pio, compatible id shared-dma-pool
[    0.000000] Reserved memory: created DMA memory pool at 0x00000000df800000, size 4 MiB
[    0.000000] OF: reserved mem: initialized node vdev0buffer@0, compatible id shared-dma-pool
[    0.000000] Reserved memory: created DMA memory pool at 0x00000000dfc00000, size 0 MiB
[    0.000000] OF: reserved mem: initialized node vdev0vring0@0, compatible id shared-dma-pool
[    0.000000] Reserved memory: created DMA memory pool at 0x00000000dfc0a000, size 0 MiB
[    0.000000] OF: reserved mem: initialized node vdev0vring1@0, compatible id shared-dma-pool
[    0.000000] Zone ranges:
[    0.000000]   DMA      [mem 0x0000000002400000-0x00000000d43fffff]
[    0.000000]   DMA32    empty
[    0.000000]   Normal   empty
[    0.000000] Movable zone start for each node
[    0.000000] Early memory node ranges
[    0.000000]   node   0: [mem 0x0000000002400000-0x000000009cbfffff]
[    0.000000]   node   0: [mem 0x000000009cc00000-0x00000000d43fffff]
[    0.000000] Initmem setup node 0 [mem 0x0000000002400000-0x00000000d43fffff]
[    0.000000] On node 0, zone DMA: 9216 pages in unavailable ranges
[    0.000000] On node 0, zone DMA: 179200 pages in unavailable ranges
[    0.000000] cma: Reserved 16 MiB at 0x000000008a000000
[    0.000000] psci: probing for conduit method from DT.
[    0.000000] psci: PSCIv1.1 detected in firmware.
[    0.000000] psci: Using standard PSCI v0.2 function IDs
[    0.000000] psci: MIGRATE_INFO_TYPE not supported.
[    0.000000] psci: SMC Calling Convention v1.2
[    0.000000] percpu: Embedded 17 pages/cpu s31960 r8192 d29480 u69632
[    0.000000] Detected VIPT I-cache on CPU0
[    0.000000] CPU features: GIC system register CPU interface present but disabled by higher exception level
[    0.000000] CPU features: detected: ARM erratum 845719
[    0.000000] Built 1 zonelists, mobility grouping on.  Total pages: 846720
[    0.000000] Kernel command line: log_buf_len=1M root=/dev/mmcblk0p5 rootfstype=ext2 rw rootwait console=ttyS0 nr_cpus=4 maxcpus=4 
[    0.000000] printk: log_buf_len: 1048576 bytes
[    0.000000] printk: early log buf free: 62224(94%)
[    0.000000] Dentry cache hash table entries: 524288 (order: 10, 4194304 bytes, linear)
[    0.000000] Inode-cache hash table entries: 262144 (order: 9, 2097152 bytes, linear)
[    0.000000] mem auto-init: stack:off, heap alloc:off, heap free:off
[    0.000000] Memory: 2216952K/3440640K available (7104K kernel code, 754K rwdata, 1988K rodata, 1280K init, 238K bss, 1002504K reserved, 221184K cma-reserved)
[    0.000000] SLUB: HWalign=64, Order=0-3, MinObjects=0, CPUs=4, Nodes=1
[    0.000000] rcu: Preemptible hierarchical RCU implementation.
[    0.000000] 	Trampoline variant of Tasks RCU enabled.
[    0.000000] rcu: RCU calculated value of scheduler-enlistment delay is 100 jiffies.
[    0.000000] NR_IRQS: 64, nr_irqs: 64, preallocated irqs: 0
[    0.000000] Root IRQ handler: gic_handle_irq
[    0.000000] arch_timer: cp15 timer(s) running at 33.33MHz (virt).
[    0.000000] clocksource: arch_sys_counter: mask: 0xffffffffffffff max_cycles: 0x7b00c4bad, max_idle_ns: 440795202744 ns
[    0.000000] sched_clock: 56 bits at 33MHz, resolution 30ns, wraps every 2199023255551ns
[    0.000255] Console: colour dummy device 80x25
[    0.000358] Calibrating delay loop (skipped), value calculated using timer frequency.. 66.66 BogoMIPS (lpj=33333)
[    0.000372] pid_max: default: 32768 minimum: 301
[    0.000528] Mount-cache hash table entries: 8192 (order: 4, 65536 bytes, linear)
[    0.000561] Mountpoint-cache hash table entries: 8192 (order: 4, 65536 bytes, linear)
[    0.002039] rcu: Hierarchical SRCU implementation.
[    0.002702] smp: Bringing up secondary CPUs ...
[    0.003150] Detected VIPT I-cache on CPU1
[    0.003201] CPU1: Booted secondary processor 0x0000000101 [0x410fd034]
[    0.003643] Detected VIPT I-cache on CPU2
[    0.003671] CPU2: Booted secondary processor 0x0000000102 [0x410fd034]
[    0.004114] Detected VIPT I-cache on CPU3
[    0.004142] CPU3: Booted secondary processor 0x0000000103 [0x410fd034]
[    0.004202] smp: Brought up 1 node, 4 CPUs
[    0.004222] SMP: Total of 4 processors activated.
[    0.004229] CPU features: detected: 32-bit EL0 Support
[    0.004235] CPU features: detected: CRC32 instructions
[    0.008775] CPU: All CPU(s) started at EL1
[    0.008798] alternatives: patching kernel code
[    0.009928] devtmpfs: initialized
[    0.015385] clocksource: jiffies: mask: 0xffffffff max_cycles: 0xffffffff, max_idle_ns: 1911260446275000 ns
[    0.015406] futex hash table entries: 1024 (order: 4, 65536 bytes, linear)
[    0.021581] pinctrl core: initialized pinctrl subsystem
[    0.022278] NET: Registered PF_NETLINK/PF_ROUTE protocol family
[    0.023578] DMA: preallocated 512 KiB GFP_KERNEL pool for atomic allocations
[    0.023747] DMA: preallocated 512 KiB GFP_KERNEL|GFP_DMA pool for atomic allocations
[    0.023951] DMA: preallocated 512 KiB GFP_KERNEL|GFP_DMA32 pool for atomic allocations
[    0.024410] hw-breakpoint: found 6 breakpoint and 4 watchpoint registers.
[    0.024482] ASID allocator initialised with 65536 entries
[    0.029756] ambarella-pinctrl e4010000.pinctrl: Ambarella pinctrl driver registered
[    0.038135] HugeTLB registered 1.00 GiB page size, pre-allocated 0 pages
[    0.038147] HugeTLB registered 32.0 MiB page size, pre-allocated 0 pages
[    0.038155] HugeTLB registered 2.00 MiB page size, pre-allocated 0 pages
[    0.038162] HugeTLB registered 64.0 KiB page size, pre-allocated 0 pages
[    0.039268] cryptd: max_cpu_qlen set to 1000
[    0.041763] ambarella-i2c e400a000.i2c: Ambarella I2C adapter[2] probed, clock:100000!
[    0.041946] ambarella-i2c e400b000.i2c: Ambarella I2C adapter[3] probed, clock:100000!
[    0.042857] clocksource: Switched to clocksource arch_sys_counter
[    0.048272] NET: Registered PF_INET protocol family
[    0.048504] IP idents hash table entries: 65536 (order: 7, 524288 bytes, linear)
[    0.050540] tcp_listen_portaddr_hash hash table entries: 2048 (order: 3, 32768 bytes, linear)
[    0.050595] Table-perturb hash table entries: 65536 (order: 6, 262144 bytes, linear)
[    0.050611] TCP established hash table entries: 32768 (order: 6, 262144 bytes, linear)
[    0.050867] TCP bind hash table entries: 32768 (order: 7, 524288 bytes, linear)
[    0.051332] TCP: Hash tables configured (established 32768 bind 32768)
[    0.051424] UDP hash table entries: 2048 (order: 4, 65536 bytes, linear)
[    0.051516] UDP-Lite hash table entries: 2048 (order: 4, 65536 bytes, linear)
[    0.051685] NET: Registered PF_UNIX/PF_LOCAL protocol family
[    0.052102] RPC: Registered named UNIX socket transport module.
[    0.052110] RPC: Registered udp transport module.
[    0.052116] RPC: Registered tcp transport module.
[    0.052121] RPC: Registered tcp NFSv4.1 backchannel transport module.
[    0.052690] armv8-pmu pmu: hw perfevents: no interrupt-affinity property, guessing.
[    0.052918] hw perfevents: enabled with armv8_cortex_a53 PMU driver, 7 counters available
[    0.057323] Initialise system trusted keyrings
[    0.057474] workingset: timestamp_bits=62 max_order=20 bucket_order=0
[    0.061320] squashfs: version 4.0 (2009/01/31) Phillip Lougher
[    0.062306] Key type cifs.idmap registered
[    0.105600] Key type asymmetric registered
[    0.105609] Asymmetric key parser 'x509' registered
[    0.105659] Block layer SCSI generic (bsg) driver version 0.4 loaded (major 251)
[    0.105668] io scheduler mq-deadline registered
[    0.105675] io scheduler kyber registered
[    0.106819] rct_profile init: get load time at 0x00002c34 and 0x00002c38
[    0.106829] rct_profile init: get boot time at 0xed080494
[    0.106835] error: load os start time > end time
[    0.107001] Module ddrc init done!
[    0.107081] Module dramc init done!
[    0.107213] ambarella-gdma e000c000.gdma: Ambarella GDMA driver init
[    0.107472] e4000000.uart: ttyS0 at MMIO 0xe4000000 (irq = 20, base_baud = 1500000) is a ambuart
[    0.938988] printk: console [ttyS0] enabled
[    0.943532] cacheinfo: Unable to detect cache hierarchy for CPU 0
[    0.950178]  ram0: unable to read partition table
[    0.954957] brd: module loaded
[    0.962286] loop: module loaded
[    0.965533] Ambarella read-only mtdblock
[    0.969710] mousedev: PS/2 mouse device common for all mice
[    1.021247] ambarella-sd e0004000.sdmmc0: Max frequency is 115200000Hz
[    1.027923] SMCCC: SOC_ID: ARCH_SOC_ID not implemented, skipping ....
[    1.037959] ambarella-rproc ambarella-rproc@0: ambarella_rproc_probe device registered
[    1.046005] remoteproc remoteproc0: ambarella-rproc is available
[    1.052086] remoteproc remoteproc0: powering up ambarella-rproc
[    1.058036] remoteproc remoteproc0: Booting fw image ambadummy, size 0
[    1.064648] ambarella-rproc ambarella-rproc@0: (0xdfc00000 + 0xa000) map to VA: 0xffffffc009130000
[    1.073657] ambarella-rproc ambarella-rproc@0: (0xdfc0a000 + 0xa000) map to VA: 0xffffffc009140000
[    1.082676]  remoteproc0#vdev0buffer: assigned reserved memory node vdev0buffer@0
[    1.090264] rpmsg_num 1024 actual vring_size 0x7006
[    1.095196] rpmsg_num 1024 actual vring_size 0x7006
[    1.101872] virtio_rpmsg_bus virtio0: rpmsg host is online
[    1.102106] virtio_rpmsg_bus virtio0: creating channel aipc_rpc addr 0x400
[    1.107396]  remoteproc0#vdev0buffer: registered virtio0 (type 7)
[    1.120400] remoteproc remoteproc0: remote processor ambarella-rproc is now up
[    1.128616] Initializing XFRM netlink socket
[    1.132919] NET: Registered PF_PACKET protocol family
[    1.137998] 8021q: 802.1Q VLAN Support v1.8
[    1.142308] Key type dns_resolver registered
[    1.146741] Loading compiled-in X.509 certificates
[    1.158491] printk: console [netcon0] enabled
[    1.162898] netconsole: network logging started
[    1.167807] Waiting for root device /dev/mmcblk0p5...
[    1.251988] mmc0: new HS200 MMC card at address 0001
[    1.257674] mmcblk0: mmc0:0001 CJUD4R 59.6 GiB 
[    1.264106] 0x000000000042-0x000000000046 : "[p0] USER_PTB"
[    1.269712] 0x00000000124a-0x000000001a4a : "[p1] APTIV_SWP_PN11111111"
[    1.276359] 0x000000001a4a-0x00000000ea4a : "[p2] SECURE_PN22222222"
[    1.282743] 0x00000000ea4a-0x000000016a4a : "[p3] SYS_DATA_PN33333333"
[    1.289302] 0x000000016a4a-0x000000020a4a : "[p4] LINUX_Kerne_PN66666666"
[    1.296122] 0x000000020a4a-0x0000001a0a4a : "[p5] LINUX_RFS_PN77777777"
[    1.302768] 0x0000001a0a4a-0x0000001a224a : "[p6] CALIB"
[    1.308105] 0x0000001a224a-0x0000001a234a : "[p7] USER_SETTING"
[    1.314055] 0x00000515ed4a-0x000007734000 : "[p8] "
[    1.318957] 0x0000001a234a-0x0000001a434a : "[p9] R52_SYS_PN5555555"
[    1.325341] 0x0000001a434a-0x0000001a444a : "[p10] XTB_PN44444444"
[    1.331551] 0x0000001a444a-0x0000005a444a : "[p11] HJLOG"
[    1.336976] 0x0000005a444a-0x0000005bd44a : "[p12] NVM"
[    1.342225] 0x0000005bd44a-0x000003bbd44a : "[p13] HDMAP"
[    1.347650] 0x000003bbd44a-0x0000045bd44a : "[p14] HDMAP_LOG"
[    1.353424] 0x0000045bd44a-0x0000049bd44a : "[p15] OTA"
[    1.358674] 0x0000049bd44a-0x000004dbd44a : "[p16] HJMAP"
[    1.364099] 0x000004dbd44a-0x000004fbd44a : "[p17] LOG"
[    1.369345]  mmcblk0:USER_PTB APTIV_SWP_PN11111111 SECURE_PN22222222 SYS_DATA_PN33333333 LINUX_Kerne_PN66666666 LINUX_RFS_PN77777777 CALIB USER_SETTING  R52_SYS_PN5555555 XTB_PN44444444 HJLOG NVM HDMAP HDMAP_LOG OTA HJMAP LOG 
[    1.391554] mmcblk0boot0: mmc0:0001 CJUD4R 31.9 MiB 
[    1.398292] mmcblk0boot1: mmc0:0001 CJUD4R 31.9 MiB 
[    1.404630] mmcblk0rpmb: mmc0:0001 CJUD4R 4.00 MiB, chardev (248:0)
[    1.418726] EXT2-fs (mmcblk0p5): warning: mounting unchecked fs, running e2fsck is recommended
[    1.429114] VFS: Mounted root (ext2 filesystem) on device 179:5.
[    1.435951] devtmpfs: mounted
[    1.439417] Freeing unused kernel memory: 1280K
[    1.444057] Run /sbin/init as init process
[    1.543339] systemd[1]: System time before build time, advancing clock.
[    1.556540] systemd[1]: Failed to find module 'autofs4'
[    1.570135] systemd[1]: systemd 250.5+ running in system mode (+PAM -AUDIT -SELINUX -APPARMOR +IMA -SMACK +SECCOMP -GCRYPT -GNUTLS -OPENSSL +ACL +BLKID -CURL -ELFUTILS -FIDO2 -IDN2 -IDN -IPTC +KMOD -LIBCRYPTSETUP +LIBFDISK -PCRE2 -PWQUALITY -P11KIT -QRENCODE -BZIP2 -LZ4 -XZ -ZLIB +ZSTD -BPF_FRAMEWORK -XKBCOMMON +UTMP +SYSVINIT default-hierarchy=hybrid)
[    1.601998] systemd[1]: Detected architecture arm64.

Welcome to [1mLinux[0m!

[    1.614381] systemd[1]: Hostname set to <adcu>.
[    1.874788] systemd[1]: Binding to IPv6 address not available since kernel does not support IPv6.
[    1.883758] systemd[1]: Binding to IPv6 address not available since kernel does not support IPv6.
[    1.915294] systemd[1]: Queued start job for default target Multi-User System.
[    1.935572] systemd[1]: Created slice Slice /system/getty.
[[0;32m  OK  [0m] Created slice [0;1;39mSlice /system/getty[0m.
[    1.950725] systemd[1]: Created slice Slice /system/modprobe.
[[0;32m  OK  [0m] Created slice [0;1;39mSlice /system/modprobe[0m.
[    1.965571] systemd[1]: Created slice Slice /system/serial-getty.
[[0;32m  OK  [0m] Created slice [0;1;39mSlice /system/serial-getty[0m.
[    1.980304] systemd[1]: Created slice User and Session Slice.
[[0;32m  OK  [0m] Created slice [0;1;39mUser and Session Slice[0m.
[    1.994210] systemd[1]: Reached target Path Units.
[[0;32m  OK  [0m] Reached target [0;1;39mPath Units[0m.
[    2.005988] systemd[1]: Reached target Remote File Systems.
[[0;32m  OK  [0m] Reached target [0;1;39mRemote File Systems[0m.
[    2.019999] systemd[1]: Reached target Slice Units.
[[0;32m  OK  [0m] Reached target [0;1;39mSlice Units[0m.
[    2.031983] systemd[1]: Reached target Swaps.
[[0;32m  OK  [0m] Reached target [0;1;39mSwaps[0m.
[    2.044181] systemd[1]: Listening on RPCbind Server Activation Socket.
[[0;32m  OK  [0m] Listening on [0;1;39mRPCbind Server Activation Socket[0m.
[    2.059975] systemd[1]: Reached target RPC Port Mapper.
[[0;32m  OK  [0m] Reached target [0;1;39mRPC Port Mapper[0m.
[    2.073248] systemd[1]: Listening on Syslog Socket.
[[0;32m  OK  [0m] Listening on [0;1;39mSyslog Socket[0m.
[    2.090730] systemd[1]: Journal Audit Socket was skipped because of a failed condition check (ConditionSecurity=audit).
[    2.102289] systemd[1]: Listening on Journal Socket (/dev/log).
[[0;32m  OK  [0m] Listening on [0;1;39mJournal Socket (/dev/log)[0m.
[    2.116396] systemd[1]: Listening on Journal Socket.
[[0;32m  OK  [0m] Listening on [0;1;39mJournal Socket[0m.
[    2.128499] systemd[1]: Listening on Network Service Netlink Socket.
[[0;32m  OK  [0m] Listening on [0;1;39mNetwork Service Netlink Socket[0m.
[    2.143689] systemd[1]: Listening on udev Control Socket.
[[0;32m  OK  [0m] Listening on [0;1;39mudev Control Socket[0m.
[    2.158334] systemd[1]: Listening on udev Kernel Socket.
[[0;32m  OK  [0m] Listening on [0;1;39mudev Kernel Socket[0m.
[    2.172252] systemd[1]: Listening on User Database Manager Socket.
[[0;32m  OK  [0m] Listening on [0;1;39mUser Database Manager Socket[0m.
[    2.188982] systemd[1]: Mounting Huge Pages File System...
         Mounting [0;1;39mHuge Pages File System[0m...
[    2.203007] systemd[1]: Mounting POSIX Message Queue File System...
         Mounting [0;1;39mPOSIX Message Queue File System[0m...
[    2.221139] systemd[1]: Mounting Kernel Debug File System...
         Mounting [0;1;39mKernel Debug File System[0m...
[    2.234352] systemd[1]: Kernel Trace File System was skipped because of a failed condition check (ConditionPathExists=/sys/kernel/tracing).
[    2.249391] systemd[1]: Mounting Temporary Directory /tmp...
         Mounting [0;1;39mTemporary Directory /tmp[0m...
[    2.265818] systemd[1]: Starting Create List of Static Device Nodes...
         Starting [0;1;39mCreate List of Static Device Nodes[0m...
[    2.283497] systemd[1]: Starting Load Kernel Module configfs...
         Starting [0;1;39mLoad Kernel Module configfs[0m...
[    2.299495] systemd[1]: Starting Load Kernel Module drm...
         Starting [0;1;39mLoad Kernel Module drm[0m...
[    2.315540] systemd[1]: Starting Load Kernel Module fuse...
         Starting [0;1;39mLoad Kernel Module fu[    2.324577] fuse: init (API version 7.34)
se[0m...
[    2.335990] systemd[1]: Starting RPC Bind...
         Starting [0;1;39mRPC Bind[0m...
[    2.346171] systemd[1]: File System Check on Root Device was skipped because of a failed condition check (ConditionPathIsReadWrite=!/).
[    2.359320] systemd[1]: systemd-journald.service: unit configures an IP firewall, but the local system does not support BPF/cgroup firewalling.
[    2.372321] systemd[1]: (This warning is only shown for the first unit using IP firewalling.)
[    2.382676] systemd[1]: Starting Journal Service...
         Starting [0;1;39mJournal Service[0m...
[    2.397088] systemd[1]: Load Kernel Modules was skipped because all trigger condition checks failed.
[    2.408243] systemd[1]: Mounting NFSD configuration filesystem...
         Mounting [0;1;39mNFSD configuration filesystem[0m...[    2.419294] Installing knfsd (copyright (C) 1996 okir@monad.swb.de).

[    2.432251] systemd[1]: Starting Remount Root and Kernel File Systems...
         Starting [0;1;39mRemount Root and Kernel File Systems[0m...
[    2.448979] ext2 filesystem being remounted at / supports timestamps until 2038 (0x7fffffff)
[    2.449634] systemd[1]: Starting Apply Kernel Variables...
         Starting [0;1;39mApply Kernel Variables[0m...
[    2.472362] systemd[1]: Starting Coldplug All udev Devices...
         Starting [0;1;39mColdplug All udev Devices[0m...
[    2.492701] systemd[1]: Started RPC Bind.
[[0;32m  OK  [0m] Started [0;1;39mRPC Bind[0m.
[    2.505301] systemd[1]: Started Journal Service.
[[0;32m  OK  [0m] Started [0;1;39mJournal Service[0m.
[[0;32m  OK  [0m] Mounted [0;1;39mHuge Pages File System[0m.
[[0;32m  OK  [0m] Mounted [0;1;39mPOSIX Message Queue File System[0m.
[[0;32m  OK  [0m] Mounted [0;1;39mKernel Debug File System[0m.
[[0;32m  OK  [0m] Mounted [0;1;39mTemporary Directory /tmp[0m.
[[0;32m  OK  [0m] Finished [0;1;39mCreate List of Static Device Nodes[0m.
[[0;32m  OK  [0m] Finished [0;1;39mLoad Kernel Module configfs[0m.
[[0;32m  OK  [0m] Finished [0;1;39mLoad Kernel Module drm[0m.
[[0;32m  OK  [0m] Finished [0;1;39mLoad Kernel Module fuse[0m.
[[0;32m  OK  [0m] Mounted [0;1;39mNFSD configuration filesystem[0m.
[[0;32m  OK  [0m] Finished [0;1;39mRemount Root and Kernel File Systems[0m.
[[0;32m  OK  [0m] Finished [0;1;39mApply Kernel Variables[0m.
         Mounting [0;1;39mFUSE Control File System[0m...
         Mounting [0;1;39mKernel Configuration File System[0m...
         Starting [0;1;39mFlush Journal to Persistent Storage[0m...
         Starting [0;1;39mCreate Static Device [    2.656292] systemd-journald[166]: Received client request to flush runtime journal.
Nodes in /dev[0m...
[[0;32m  OK  [0m] Mounted [0;1;39mFUSE Control File System[0m.
[[0;32m  OK  [0m] Mounted [0;1;39mKernel Configuration File System[0m.
[[0;32m  OK  [0m] Finished [0;1;39mFlush Journal to Persistent Storage[0m.
[[0;32m  OK  [0m] Finished [0;1;39mCreate Static Device Nodes in /dev[0m.
[[0;32m  OK  [0m] Reached target [0;1;39mPreparation for Local File Systems[0m.
         Mounting [0;1;39m/var/volatile[0m...
         Starting [0;1;39mRule-based Manageâ€¦for Device Events and Files[0m...
[[0;32m  OK  [0m] Finished [0;1;39mColdplug All udev Devices[0m.
[[0;32m  OK  [0m] Mounted [0;1;39m/var/volatile[0m.
         Starting [0;1;39mLoad/Save Random Seed[0m...
[[0;32m  OK  [0m] Reached target [0;1;39mLocal File Systems[0m.
         Starting [0;1;39mCreate Volatile Files and Directories[0m...
[[0;32m  OK  [0m] Started [0;1;39mRule-based Manager for Device Events and Files[0m.
[[0;32m  OK  [0m] Finished [0;1;39mCreate Volatile Files and Directories[0m.
         Starting [0;1;39mNetwork Time Synchronization[0m...
         Starting [0;1;39mRecord System Boot/Shutdown in UTMP[0m...
[    2.881568] ambarella-udc e0006000.udc: ambarella_udc: version 21 Jan 2016
[[0;32m  OK  [0m] Finished [0;1;39mRecord System Boot/Shutdown in UTMP[0m.
[    2.911458] ambarella-hwrng e002f000.rng: rng probed
[    2.925923] usbcore: registered new interface driver usbfs
[    2.934729] ambarella-wdt e400f000.wdt: Ambarella Watchdog Timer Probed.
[    2.943984] hw_timer: loading out-of-tree module taints kernel.
[    2.945263] pps_core: LinuxPPS API ver. 1 registered
[    2.959102] usbcore: registered new interface driver hub
[    2.960414] pps_core: Software ver. 5.3.6 - Copyright 2005-2007 Rodolfo Giometti <giometti@linux.it>
[    2.993249] usbcore: registered new device driver usb
[    3.000479] hwtimer_cdev dev init done, dev_id = 245:0.
[    3.006896] ------------[ cut here ]------------
[    3.011531] WARNING: CPU: 1 PID: 0 at kernel/smp.c:894 smp_call_function_many_cond+0x354/0x370
[    3.020187] Modules linked in: ptp(+) tee(+) hw_timer(O+) ambarella_wdt(+) pps_core libphy pwm_ambarella ambarella_rng usbcore rng_core rpmsg_rpc aipc ambarella_udc nfsd fuse
[    3.035861] CPU: 1 PID: 0 Comm: swapper/1 Tainted: G           O      5.15.93-yocto-standard #1
[    3.044593] Hardware name: Ambarella CV2FS Aptiv B Board (DT)
[    3.050357] pstate: 60000005 (nZCv daif -PAN -UAO -TCO -DIT -SSBS BTYPE=--)
[    3.057345] pc : smp_call_function_many_cond+0x354/0x370
[    3.062675] lr : smp_call_function_many+0x18/0x24
[    3.067394] sp : ffffffc00800bbc0
[    3.070714] x29: ffffffc00800bbc0 x28: ffffffc00800bcc0 x27: 0000000000000001
[    3.077881] x26: 0000000000000000 x25: ffffffc008a49000 x24: 0000000000000001
[    3.085048] x23: 0000000000000000 x22: 0000000000000000 x21: 0000000000000001
[    3.092215] x20: ffffffc008a49880 x19: 0000000000000001 x18: ffffffffffffffff
[    3.099382] x17: ffffffc087574000 x16: ffffffc00800c000 x15: 00000f4236028b09
[    3.106549] x14: 0000000000008235 x13: 0000000000000000 x12: 000f424000000000
[    3.113715] x11: 0000000000000000 x10: 0000000000000008 x9 : 0000000000000000
[    3.120882] x8 : 000f424000000000 x7 : 00000f4236028b09 x6 : ffffffc087574000
[    3.128049] x5 : ffffff80030b3300 x4 : 0000000000000000 x3 : 0000000000000001
[    3.135215] x2 : 0000000000000100 x1 : 0000000000000000 x0 : 0000000000000100
[    3.142382] Call trace:
[    3.144830]  smp_call_function_many_cond+0x354/0x370
[    3.149812]  smp_call_function_many+0x18/0x24
[    3.154182]  clock_was_set+0x1e0/0x2b0
[    3.157944]  do_settimeofday64+0x164/0x194
[    3.162053]  aptiv_update_time_ts64+0x108/0x1b4 [hw_timer]
[    3.167573]  swtimer_routine+0x150/0x1ec [hw_timer]
[    3.172477]  call_timer_fn.constprop.0+0x24/0x80
[    3.177109]  __run_timers.part.0+0x1f0/0x234
[    3.181392]  run_timer_softirq+0x3c/0x74
[    3.185326]  _stext+0x11c/0x28c
[    3.188475]  __irq_exit_rcu+0xac/0xf0
[    3.192150]  irq_exit+0x10/0x20
[    3.195299]  handle_domain_irq+0x64/0x90
[    3.199236]  gic_handle_irq+0x4c/0xd0
[    3.202912]  call_on_irq_stack+0x28/0x5c
[    3.206847]  do_interrupt_handler+0x54/0x60
[    3.211044]  el1_interrupt+0x30/0x80
[    3.214633]  el1h_64_irq_handler+0x18/0x24
[    3.218744]  el1h_64_irq+0x78/0x7c
[    3.222154]  arch_cpu_idle+0x18/0x2c
[    3.225741]  cpuidle_idle_call+0x30/0x90
[    3.229686]  do_idle+0xa4/0xf4
[    3.232747]  cpu_startup_entry+0x24/0x60
[    3.236681]  secondary_start_kernel+0xe4/0x120
[    3.241142]  __secondary_switched+0x90/0x94
[    3.245341] ---[ end trace 59426b3b1c1f32d6 ]---
[    3.253990] ambarella-wdt e4014000.wdt: Ambarella Watchdog Timer Probed.
[    3.274038] ehci_hcd: USB 2.0 'Enhanced' Host Controller (EHCI) Driver
[    3.317878] random: crng init done
[    3.325644] optee: probing for conduit method.
[    3.330992] optee: api uid mismatch
[    3.334677] ehci-ambarella: AMBARELLA-EHCI Host Controller driver
[    3.335171] optee: probe of firmware:optee failed with error -22
[    3.349017] PTP clock support registered
[    3.357358] ambarella-ehci e001f000.ehci: EHCI Host Controller
[    3.363365] ambarella-ehci e001f000.ehci: new USB bus registered, assigned bus number 1
[    3.372032] ambarella-ehci e001f000.ehci: irq 30, io mem 0xe001f000
[[0;32m  OK  [0m] Finished [0;1;39mLoad/Save [    3.384931] ambarella-ehci e001f000.ehci: USB 2.0 started, EHCI 1.00
Random Seed[0m.
[    3.394619] usb usb1: New USB device found, idVendor=1d6b, idProduct=0002, bcdDevice= 5.15
[    3.404385] usb usb1: New USB device strings: Mfr=3, Product=2, SerialNumber=1
[    3.412659] usb usb1: Product: EHCI Host Controller
[    3.418574] usb usb1: Manufacturer: Linux 5.15.93-yocto-standard ehci_hcd
[    3.426801] usb usb1: SerialNumber: AmbUSB
[    3.448864] hub 1-0:1.0: USB hub found
[    3.453606] hub 1-0:1.0: 1 port detected
[    3.479321] ambarella-eth e000e000.ethernet: select RGMII mode
[    3.515626] systemd-journald[166]: Oldest entry in /run/log/journal/5d9334c56f644d138a6926cc78bc3721/system.journal is older than the configured file retention duration (1month), suggesting rotation.
[    3.539329] systemd-journald[166]: /run/log/journal/5d9334c56f644d138a6926cc78bc3721/system.journal: Journal header limits reached or header out-of-date, rotating.
[    3.550239] ambarella-eth e000e000.ethernet: Ethernet PHY[0]: 0xadad1105, aptiv switch!
[[0;32m  OK  [0m] Started [0;1;39mNetwork Tim[    3.562426] ambarella-eth e000e000.ethernet: using random Ethernet MAC
e Synchronizatio[    3.573943] ambarella-eth e000e000.ethernet: ambarella ptp clock register.
n[0m.
[    3.581383] ambarella-eth e000e000.ethernet: MAC Address[a6:57:84:7a:34:53].
[[0;32m  OK  [0m] Reached target [0;1;39mSystem Initialization[0m.
[[0;32m  OK  [0m] Started [0;1;39mDaily Cleanup of Temporary Directories[0m.
[[0;32m  OK  [0m] Reached target [0;1;39mSystem Time Set[0m.
[[0;32m  OK  [0m] Started [0;1;39mDaily rotation of log files[0m.
[[0;32m  OK  [0m] Started [0;1;39mRun system activitâ€¦ounting tool every 10 minutes[0m.
[[0;32m  OK  [0m] Started [0;1;39mGenerate summary oâ€¦esterday's process accounting[0m.
[[0;32m  OK  [0m] Reached target [0;1;39mTimer Units[0m.
[[0;32m  OK  [0m] Reached target [0;1;39mHardware activated USB gadget[0m.
[[0;32m  OK  [0m] Listening on [0;1;39mD-Bus System Message Bus Socket[0m.
[[0;32m  OK  [0m] Listening on [0;1;39mdropbear.socket[0m.
[[0;32m  OK  [0m] Reached target [0;1;39mSocket Units[0m.
[[0;32m  OK  [0m] Reached target [0;1;39mBasic System[0m.
         Starting [0;1;39mADCU startup script[0m...
         Starting [0;1;39mADCU automount script[0m...
         Starting [0;1;39mD-Bus System Message Bus[0m...
[[0;32m  OK  [0m] Started [0;1;39mGENIVI DLT [    3.882536] EXT2-fs (mmcblk0p11): warning: mounting unchecked fs, running e2fsck is recommended
system.â€¦ information, logs and[    3.896532] rpmsg_send() failed due to NULL device.
 files.[0m.
[    3.903064] ext2 filesystem being mounted at /media/hjlog supports timestamps until 2038 (0x7fffffff)
[[0;32m  OK  [0m] Started [0;1;39mGENIVI DLT logging daemon[0m.
[    3.925793] EXT2-fs (mmcblk0p13): warning: mounting unchecked fs, running e2fsck is recommended
[    3.935997] ext2 filesystem being mounted at /media/hdmap supports timestamps until 2038 (0x7fffffff)
         Starting [0;1;39mIPv6 Packet Filtering Framework[0m...
[    3.955346] EXT2-fs (mmcblk0p14): warning: mounting unchecked fs, running e2fsck is recommended
         Starting [0;1;39mIPv4 Packet Filtering[    3.967080] ext2 filesystem being mounted at /media/hdmap_log supports timestamps until 2038 (0x7fffffff)
 Framework[0m...
         Starting [0;1;39mResets System Activit[    3.985621] EXT2-fs (mmcblk0p15): warning: mounting unchecked fs, running e2fsck is recommended
y Logs[0m...
[    3.998773] ext2 filesystem being mounted at /media/ota supports timestamps until 2038 (0x7fffffff)
         Starting [0;1;39mUser Login Management[0m...
[    4.021087] EXT2-fs (mmcblk0p16): warning: mounting unchecked fs, running e2fsck is recommended
[    4.031929] ext2 filesystem being mounted at /media/hjmap supports timestamps until 2038 (0x7fffffff)
[[0;32m  OK  [0m] Started [0;1;39mD-Bus System Message Bus[0m.
[    4.052090] EXT2-fs (mmcblk0p17): warning: mounting unchecked fs, running e2fsck is recommended
[    4.061955] ext2 filesystem being mounted at /media/log supports timestamps until 2038 (0x7fffffff)
[[0;32m  OK  [0m] Finished [0;1;39mIPv6 Packet Filtering Framework[0m.
[[0;32m  OK  [0m] Finished [0;1;39mIPv4 Packet Filtering Framework[0m.
[[0;32m  OK  [0m[    4.101449] net eth0: adv: sym 0, asym: 0
] Finished [0;1;39mResets System Activity Logs[0m.
[[0;32m  OK  [0m] Reached target [0;1;39mPreparation for Network[0m.
         Starting [0;1;39mNetwork Configuration[0m...
[[0;32m  OK  [0m] Started [0;1;39mADCU startup script[0m.
[00004263][CPU1] [SVC_ASSM|OK]: [SvcSafeStateMgr_WaitSysReady] start
[00004265][CPU3] [SVC_ASSM|OK]: [AmbaRpcProg_LU_Handler] get 0 length 12
[[0;32m  OK  [0m] Started [0;1;39mUser Login Management[0m.
[00004266][CPU1] [SVC_ASSM|OK]: [SvcSafeStateMgr_WaitSysReady] done
[00004273][CPU0] [MAIN|OK]: ## SvcSafeStateMgr_WaitSysReady, R52 SEMGR was initialized 1337 ms ago
[00004273][CPU0] [SVC_ASSM|OK]: [SvcSafeStateMgr_SetClkFreq] start
[00004310][CPU3] [SVC_ASSM|OK]: [AmbaRpcProg_LU_Handler] get 1 length 12
[00004311][[    4.318694] cfg80211: Loading compiled-in X.509 certificates for regulatory database
CPU1] [SVC_ASSM|OK]: [SvcSafeStateMgr_SetClkFreq] ActualFreq 696000000
[00004311][CPU1] [SVC_ASSM|OK]: [SvcSafeStateMgr_SetClkF[    4.337818] cfg80211: Loaded X.509 cert 'sforshee: 00b28ddf47aef9cea7'
req] start
[000[    4.345163] platform regulatory.0: Direct firmware load for regulatory.db failed with error -2
04312][CPU3] [SV[    4.355888] cfg80211: failed to load regulatory.db
C_ASSM|OK]: [AmbaRpcProg_LU_Handler] get 1 length 12
[00004313][CPU1] [SVC_ASSM|OK]: [SvcSafeStateMgr_SetClkFreq] ActualFreq 696000000
[00004313][CPU1] [SVC_ASSM|OK]: [SvcSafeStateMgr_SetClkFreq] start
[[0;32m  OK  [0m] Listening on [0;1;39mLoad/Save RF â€¦itch Status /dev/rfkil[    4.385360] osal: module init
l Watch[0m.
[00004360][CPU3] [SVC_ASSM|OK]: [A[    4.392397] platform ambamalc0: assigned reserved memory node flexidag_sys
mbaRpcProg_LU_Handler] get 1 length 12
[00004361][CPU1] [SVC_ASSM|OK]: [SvcSafeStateMgr_SetClkFreq] ActualFreq [    4.409388] [AMBACV] GIT VERSION   :    
792000000
[0000[    4.413622] [AMBACV] BUILT BY      :   @lily 
4361][CPU1] [SVC_ASSM|OK]: [SvcSafeStateMgr_SetClkFreq] start
[00004361][CPU0] [SVC_ASSM|OK]: [AmbaRpcProg_LU_Handler] get 1 length 12
[000043[    4.431448] [AMBACV] BUILT TIME    :   Tue Nov 28 06:17:11 UTC 2023 
61][CPU1] [SVC_ASSM|OK]: [SvcSafeStateMgr_SetClkFreq] ActualFreq 600000000
[00004361][CPU1] [SVC_ASSM|OK]: [SvcSafeStateMgr_EnableFeature] star[    4.449760] [AMBACV] API VERSION   :   8.6
t
[00004361][CPU0] [SVC_ASSM|OK]: [AmbaRpcProg_LU_Handler] get [    4.459824] [AMBACV] CPU ID        :   0x100 
2 length 8
[000[    4.465426] [AMBACV] SCHEDULER ID  :   0 
04361][CPU1] [SVC_ASSM|OK]: [SvcSafeStateMgr_EnableFeature] done
[00004361][CPU1] [SVC_ASSM|OK]: [SvcSafeStateMgr_EnableFeature] start
[00004361][CPU0] [SVC_ASSM|OK]: [AmbaRpcProg_LU_Handler] get 2 length 8
[00004362][CPU1] [SVC_ASSM|OK]: [SvcSafeStateMgr_EnableFeature] done
[00004362][CPU1] [Clocks]
[00004363][CPU1]  cortex      : 1008000000
[00004374][CPU1]  dram        : 1596000000
[00004375][CPU1]  core        : 696000000
[00004375][    4.507609] [AMBACV] CACHE CONFIG  :  ARM(enabled), ORC(enabled)
[CPU1]  idsp    [    4.515600] [AMBACV] CMA RANGE     :   [0x90400000--0x9cc00000]
    : 696000000[    4.522890] [AMBACV] CMA PRIVATE   :   [0x90400000--0x94400000] 

[00004375][CPU1[    4.522958] [AMBACV] DSP DATA RANGE    :   [0x9e400000--0xd4400000] @ (00000000fcc27ccb) 
]  vision      : 792000000
[00004375][CPU1]  spu         : 600000000
[00004375][CPU1]  sd          : n/a
[00004375][CPU1]  gclk_au     : 12288000
[00004375][CPU1] 
[00004375][CPU1]  feature_bits: 0x00000022
[00004375][CPU1] [WDT|OK]: ### SvcWdt is not enabled
[[0;32m  OK  [0m] Started [0;1;39mNetwork Configuration[0m.
         Starting [0;1;39mNetwork Name Resolution[0m...
[[0;32m  OK  [0m] Finished [0;1;39mADCU automount script[0m.
         Starting [0;1;39mADCU autostart script[0m...
[[0;32m  OK  [0m] Started [[    4.584562] ambadsp: module init
0;1;39mADCU autostart script[0m.
[    4.604216] pio_base=0xd4400000  pio_size=0x07c00000
[    4.609518] ioremap:ffffffc010000000
[    4.623008] i2c_dev: i2c /dev entries driver
[[0;32m  OK  [0m] Started [0;1;39mNetwork Name Resolution[0m.
[[0;32m  OK  [0m] Reached target [0;1;39mNetwork[0m.
[[0;32m  OK  [0m] Reached target [0;1;39mNetwork is Online[0m.
[[0;32m  OK  [0m] Reached target [0;1;39mHost and Network Name Lookups[0m.
[[0;32m  OK  [0m] Started [0;1;39mNFS Mount Daemon[0m.
         Starting [0;1;39mNFS server and services[0m...
[00004746][CPU1] Built amba_svc by lily@lily:[gcc 10.3.1] at Tue Nov 28 14:35:39 CST 2023 (LNX) 3GB
[00004746][CPU1] [SVC_ASSM|OK]: [SvcSafeStateMgr_GetRtcTime] start
[00004747][CPU0] [SVC_ASSM|OK]: [AmbaRpcProg_LU_Handler] get 22 length 36
[00004747][CPU1] [SVC_ASSM|OK]: [SvcSafeStateMgr_SetRtcTime] start
[[0;32m  OK  [0m] Started [0;1;39mNFS status monitor for NFSv2/3 locking.[0m.
         Starting [0;1;39m/etc/rc.local Compatibility[0m...
         Starting [0;1;39mSystem Logging Service[0m...
         Starting [0;1;39mPermit User Sessions[0m...
[[0;32m  OK  [0m] Started [0;1;39mXinetd A Powerful Replacement For Inetd[0m.
[[0;32m  OK  [0m] Started [0;1;39m/etc/rc.local Compatibility[0m.
[[0;32m  OK  [0m] Finished [0;1;39mPermit User Sessions[0m.
[[0;32m  OK  [0m] Started [0;1;39mSystem Logging Service[0m.
[[0;32m  OK  [0m] Started [0;1;39mGetty on tty1[0m.
[[0;32m  OK  [0m] Started [0;1;39mSerial Getty on ttyS0[0m.
[[0;32m  OK  [0m] Reached target [0;1;39mLogin Prompts[0m.
[[0;32m  OK  [0m] Reached target [0;1;39mMulti-User System[0m.
         Starting [0;1;39mRecord Runlevel Change in UTMP[0m...
[[0;32m  OK  [0m] Finished [0;1;39mNFS server and services[0m.
[[0;32m  O[    4.958110] [dspdev] mempool[5] Virt 0xFFFFFFC00B400000 Phys 0x09D400000
[    4.958131]                      Sz 4194304 Cached 1
[    4.964942] [dspdev] mempool[1] Virt 0xFFFFFFC00C000000 Phys 0x09CC00000
[    4.969958]                      Sz 8388608 Cached 0
[    4.976760] [dspdev] mempool[0] Virt 0xFFFFFFC00D000000 Phys 0x09D800000
[    4.981767]                      Sz 12582912 Cached 0
[    4.995782] [dspdev] MAL mempool[3] Virt 0xFFFFFFC080000000 Phys 0x09E400000
[    4.995791]                          Sz 905969664 Cached 1

Wind River Linux LTS 22.33 Update 10 adcu ttyS0

adcu login: 